Command line invocation:
    /Applications/Xcode.app/Contents/Developer/usr/bin/xcodebuild -project LyoApp.xcodeproj -scheme LyoApp -destination "platform=iOS Simulator,name=iPhone 16,OS=18.5" build

ComputePackagePrebuildTargetDependencyGraph

Prepare packages

CreateBuildRequest

SendProjectDescription

CreateBuildOperation

ComputeTargetDependencyGraph
note: Building targets in dependency order
note: Target dependency graph (1 target)
    Target 'LyoApp' in project 'LyoApp' (no dependencies)

GatherProvisioningInputs

CreateBuildDescription

ClangStatCache /Applications/Xcode.app/Contents/Developer/Toolchains/XcodeDefault.xctoolchain/usr/bin/clang-stat-cache /Applications/Xcode.app/Contents/Developer/Platforms/iPhoneSimulator.platform/Developer/SDKs/iPhoneSimulator18.5.sdk /Users/republicalatuya/Library/Developer/Xcode/DerivedData/SDKStatCaches.noindex/iphonesimulator18.5-22F76-d5fc8ad4295d2ef488fb7d0f804ce0c4.sdkstatcache
    cd /Users/republicalatuya/Desktop/LyoApp\ July/LyoApp.xcodeproj
    /Applications/Xcode.app/Contents/Developer/Toolchains/XcodeDefault.xctoolchain/usr/bin/clang-stat-cache /Applications/Xcode.app/Contents/Developer/Platforms/iPhoneSimulator.platform/Developer/SDKs/iPhoneSimulator18.5.sdk -o /Users/republicalatuya/Library/Developer/Xcode/DerivedData/SDKStatCaches.noindex/iphonesimulator18.5-22F76-d5fc8ad4295d2ef488fb7d0f804ce0c4.sdkstatcache

CompileStoryboard /Users/republicalatuya/Desktop/LyoApp\ July/LyoApp/LaunchScreen.storyboard (in target 'LyoApp' from project 'LyoApp')
    cd /Users/republicalatuya/Desktop/LyoApp\ July
    /Applications/Xcode.app/Contents/Developer/usr/bin/ibtool --errors --warnings --notices --module LyoApp --output-partial-info-plist /Users/republicalatuya/Library/Developer/Xcode/DerivedData/LyoApp-hfwblekrpenebnenbeknkwwbdrgr/Build/Intermediates.noindex/LyoApp.build/Debug-iphonesimulator/LyoApp.build/LaunchScreen-SBPartialInfo.plist --auto-activate-custom-fonts --target-device iphone --target-device ipad --minimum-deployment-target 17.0 --output-format human-readable-text /Users/republicalatuya/Desktop/LyoApp\ July/LyoApp/LaunchScreen.storyboard --compilation-directory /Users/republicalatuya/Library/Developer/Xcode/DerivedData/LyoApp-hfwblekrpenebnenbeknkwwbdrgr/Build/Intermediates.noindex/LyoApp.build/Debug-iphonesimulator/LyoApp.build

GenerateAssetSymbols /Users/republicalatuya/Desktop/LyoApp\ July/LyoApp/Assets.xcassets /Users/republicalatuya/Desktop/LyoApp\ July/LyoApp/Preview\ Content/Preview\ Assets.xcassets (in target 'LyoApp' from project 'LyoApp')
    cd /Users/republicalatuya/Desktop/LyoApp\ July
    /Applications/Xcode.app/Contents/Developer/usr/bin/actool /Users/republicalatuya/Desktop/LyoApp\ July/LyoApp/Assets.xcassets /Users/republicalatuya/Desktop/LyoApp\ July/LyoApp/Preview\ Content/Preview\ Assets.xcassets --compile /Users/republicalatuya/Library/Developer/Xcode/DerivedData/LyoApp-hfwblekrpenebnenbeknkwwbdrgr/Build/Products/Debug-iphonesimulator/LyoApp.app --output-format human-readable-text --notices --warnings --export-dependency-info /Users/republicalatuya/Library/Developer/Xcode/DerivedData/LyoApp-hfwblekrpenebnenbeknkwwbdrgr/Build/Intermediates.noindex/LyoApp.build/Debug-iphonesimulator/LyoApp.build/assetcatalog_dependencies --output-partial-info-plist /Users/republicalatuya/Library/Developer/Xcode/DerivedData/LyoApp-hfwblekrpenebnenbeknkwwbdrgr/Build/Intermediates.noindex/LyoApp.build/Debug-iphonesimulator/LyoApp.build/assetcatalog_generated_info.plist --app-icon AppIcon --accent-color AccentColor --compress-pngs --enable-on-demand-resources YES --development-region en --target-device iphone --target-device ipad --minimum-deployment-target 17.0 --platform iphonesimulator --bundle-identifier com.lyo.app --generate-swift-asset-symbol-extensions NO --generate-swift-asset-symbols /Users/republicalatuya/Library/Developer/Xcode/DerivedData/LyoApp-hfwblekrpenebnenbeknkwwbdrgr/Build/Intermediates.noindex/LyoApp.build/Debug-iphonesimulator/LyoApp.build/DerivedSources/GeneratedAssetSymbols.swift --generate-objc-asset-symbols /Users/republicalatuya/Library/Developer/Xcode/DerivedData/LyoApp-hfwblekrpenebnenbeknkwwbdrgr/Build/Intermediates.noindex/LyoApp.build/Debug-iphonesimulator/LyoApp.build/DerivedSources/GeneratedAssetSymbols.h --generate-asset-symbol-index /Users/republicalatuya/Library/Developer/Xcode/DerivedData/LyoApp-hfwblekrpenebnenbeknkwwbdrgr/Build/Intermediates.noindex/LyoApp.build/Debug-iphonesimulator/LyoApp.build/DerivedSources/GeneratedAssetSymbols-Index.plist
/* com.apple.actool.compilation-results */
/Users/republicalatuya/Library/Developer/Xcode/DerivedData/LyoApp-hfwblekrpenebnenbeknkwwbdrgr/Build/Intermediates.noindex/LyoApp.build/Debug-iphonesimulator/LyoApp.build/DerivedSources/GeneratedAssetSymbols-Index.plist
/Users/republicalatuya/Library/Developer/Xcode/DerivedData/LyoApp-hfwblekrpenebnenbeknkwwbdrgr/Build/Intermediates.noindex/LyoApp.build/Debug-iphonesimulator/LyoApp.build/DerivedSources/GeneratedAssetSymbols.h
/Users/republicalatuya/Library/Developer/Xcode/DerivedData/LyoApp-hfwblekrpenebnenbeknkwwbdrgr/Build/Intermediates.noindex/LyoApp.build/Debug-iphonesimulator/LyoApp.build/DerivedSources/GeneratedAssetSymbols.swift


LinkAssetCatalog /Users/republicalatuya/Desktop/LyoApp\ July/LyoApp/Assets.xcassets /Users/republicalatuya/Desktop/LyoApp\ July/LyoApp/Preview\ Content/Preview\ Assets.xcassets (in target 'LyoApp' from project 'LyoApp')
    cd /Users/republicalatuya/Desktop/LyoApp\ July
    builtin-linkAssetCatalog --thinned /Users/republicalatuya/Library/Developer/Xcode/DerivedData/LyoApp-hfwblekrpenebnenbeknkwwbdrgr/Build/Intermediates.noindex/LyoApp.build/Debug-iphonesimulator/LyoApp.build/assetcatalog_output/thinned --thinned-dependencies /Users/republicalatuya/Library/Developer/Xcode/DerivedData/LyoApp-hfwblekrpenebnenbeknkwwbdrgr/Build/Intermediates.noindex/LyoApp.build/Debug-iphonesimulator/LyoApp.build/assetcatalog_dependencies_thinned --thinned-info-plist-content /Users/republicalatuya/Library/Developer/Xcode/DerivedData/LyoApp-hfwblekrpenebnenbeknkwwbdrgr/Build/Intermediates.noindex/LyoApp.build/Debug-iphonesimulator/LyoApp.build/assetcatalog_generated_info.plist_thinned --unthinned /Users/republicalatuya/Library/Developer/Xcode/DerivedData/LyoApp-hfwblekrpenebnenbeknkwwbdrgr/Build/Intermediates.noindex/LyoApp.build/Debug-iphonesimulator/LyoApp.build/assetcatalog_output/unthinned --unthinned-dependencies /Users/republicalatuya/Library/Developer/Xcode/DerivedData/LyoApp-hfwblekrpenebnenbeknkwwbdrgr/Build/Intermediates.noindex/LyoApp.build/Debug-iphonesimulator/LyoApp.build/assetcatalog_dependencies_unthinned --unthinned-info-plist-content /Users/republicalatuya/Library/Developer/Xcode/DerivedData/LyoApp-hfwblekrpenebnenbeknkwwbdrgr/Build/Intermediates.noindex/LyoApp.build/Debug-iphonesimulator/LyoApp.build/assetcatalog_generated_info.plist_unthinned --output /Users/republicalatuya/Library/Developer/Xcode/DerivedData/LyoApp-hfwblekrpenebnenbeknkwwbdrgr/Build/Products/Debug-iphonesimulator/LyoApp.app --plist-output /Users/republicalatuya/Library/Developer/Xcode/DerivedData/LyoApp-hfwblekrpenebnenbeknkwwbdrgr/Build/Intermediates.noindex/LyoApp.build/Debug-iphonesimulator/LyoApp.build/assetcatalog_generated_info.plist
note: Emplaced /Users/republicalatuya/Library/Developer/Xcode/DerivedData/LyoApp-hfwblekrpenebnenbeknkwwbdrgr/Build/Products/Debug-iphonesimulator/LyoApp.app/Assets.car (in target 'LyoApp' from project 'LyoApp')

SwiftDriver LyoApp normal x86_64 com.apple.xcode.tools.swift.compiler (in target 'LyoApp' from project 'LyoApp')
    cd /Users/republicalatuya/Desktop/LyoApp\ July
    builtin-SwiftDriver -- /Applications/Xcode.app/Contents/Developer/Toolchains/XcodeDefault.xctoolchain/usr/bin/swiftc -module-name LyoApp -Onone -enforce-exclusivity\=checked @/Users/republicalatuya/Library/Developer/Xcode/DerivedData/LyoApp-hfwblekrpenebnenbeknkwwbdrgr/Build/Intermediates.noindex/LyoApp.build/Debug-iphonesimulator/LyoApp.build/Objects-normal/x86_64/LyoApp.SwiftFileList -DDEBUG -enable-bare-slash-regex -enable-experimental-feature DebugDescriptionMacro -sdk /Applications/Xcode.app/Contents/Developer/Platforms/iPhoneSimulator.platform/Developer/SDKs/iPhoneSimulator18.5.sdk -target x86_64-apple-ios17.0-simulator -g -module-cache-path /Users/republicalatuya/Library/Developer/Xcode/DerivedData/ModuleCache.noindex -Xfrontend -serialize-debugging-options -enable-testing -index-store-path /Users/republicalatuya/Library/Developer/Xcode/DerivedData/LyoApp-hfwblekrpenebnenbeknkwwbdrgr/Index.noindex/DataStore -swift-version 5 -I /Users/republicalatuya/Library/Developer/Xcode/DerivedData/LyoApp-hfwblekrpenebnenbeknkwwbdrgr/Build/Products/Debug-iphonesimulator -F /Users/republicalatuya/Library/Developer/Xcode/DerivedData/LyoApp-hfwblekrpenebnenbeknkwwbdrgr/Build/Products/Debug-iphonesimulator -c -j8 -enable-batch-mode -incremental -Xcc -ivfsstatcache -Xcc /Users/republicalatuya/Library/Developer/Xcode/DerivedData/SDKStatCaches.noindex/iphonesimulator18.5-22F76-d5fc8ad4295d2ef488fb7d0f804ce0c4.sdkstatcache -output-file-map /Users/republicalatuya/Library/Developer/Xcode/DerivedData/LyoApp-hfwblekrpenebnenbeknkwwbdrgr/Build/Intermediates.noindex/LyoApp.build/Debug-iphonesimulator/LyoApp.build/Objects-normal/x86_64/LyoApp-OutputFileMap.json -use-frontend-parseable-output -save-temps -no-color-diagnostics -serialize-diagnostics -emit-dependencies -emit-module -emit-module-path /Users/republicalatuya/Library/Developer/Xcode/DerivedData/LyoApp-hfwblekrpenebnenbeknkwwbdrgr/Build/Intermediates.noindex/LyoApp.build/Debug-iphonesimulator/LyoApp.build/Objects-normal/x86_64/LyoApp.swiftmodule -validate-clang-modules-once -clang-build-session-file /Users/republicalatuya/Library/Developer/Xcode/DerivedData/ModuleCache.noindex/Session.modulevalidation -Xcc -I/Users/republicalatuya/Library/Developer/Xcode/DerivedData/LyoApp-hfwblekrpenebnenbeknkwwbdrgr/Build/Intermediates.noindex/LyoApp.build/Debug-iphonesimulator/LyoApp.build/swift-overrides.hmap -emit-const-values -Xfrontend -const-gather-protocols-file -Xfrontend /Users/republicalatuya/Library/Developer/Xcode/DerivedData/LyoApp-hfwblekrpenebnenbeknkwwbdrgr/Build/Intermediates.noindex/LyoApp.build/Debug-iphonesimulator/LyoApp.build/Objects-normal/x86_64/LyoApp_const_extract_protocols.json -Xcc -iquote -Xcc /Users/republicalatuya/Library/Developer/Xcode/DerivedData/LyoApp-hfwblekrpenebnenbeknkwwbdrgr/Build/Intermediates.noindex/LyoApp.build/Debug-iphonesimulator/LyoApp.build/LyoApp-generated-files.hmap -Xcc -I/Users/republicalatuya/Library/Developer/Xcode/DerivedData/LyoApp-hfwblekrpenebnenbeknkwwbdrgr/Build/Intermediates.noindex/LyoApp.build/Debug-iphonesimulator/LyoApp.build/LyoApp-own-target-headers.hmap -Xcc -I/Users/republicalatuya/Library/Developer/Xcode/DerivedData/LyoApp-hfwblekrpenebnenbeknkwwbdrgr/Build/Intermediates.noindex/LyoApp.build/Debug-iphonesimulator/LyoApp.build/LyoApp-all-target-headers.hmap -Xcc -iquote -Xcc /Users/republicalatuya/Library/Developer/Xcode/DerivedData/LyoApp-hfwblekrpenebnenbeknkwwbdrgr/Build/Intermediates.noindex/LyoApp.build/Debug-iphonesimulator/LyoApp.build/LyoApp-project-headers.hmap -Xcc -I/Users/republicalatuya/Library/Developer/Xcode/DerivedData/LyoApp-hfwblekrpenebnenbeknkwwbdrgr/Build/Products/Debug-iphonesimulator/include -Xcc -I/Users/republicalatuya/Library/Developer/Xcode/DerivedData/LyoApp-hfwblekrpenebnenbeknkwwbdrgr/Build/Intermediates.noindex/LyoApp.build/Debug-iphonesimulator/LyoApp.build/DerivedSources-normal/x86_64 -Xcc -I/Users/republicalatuya/Library/Developer/Xcode/DerivedData/LyoApp-hfwblekrpenebnenbeknkwwbdrgr/Build/Intermediates.noindex/LyoApp.build/Debug-iphonesimulator/LyoApp.build/DerivedSources/x86_64 -Xcc -I/Users/republicalatuya/Library/Developer/Xcode/DerivedData/LyoApp-hfwblekrpenebnenbeknkwwbdrgr/Build/Intermediates.noindex/LyoApp.build/Debug-iphonesimulator/LyoApp.build/DerivedSources -Xcc -DDEBUG\=1 -emit-objc-header -emit-objc-header-path /Users/republicalatuya/Library/Developer/Xcode/DerivedData/LyoApp-hfwblekrpenebnenbeknkwwbdrgr/Build/Intermediates.noindex/LyoApp.build/Debug-iphonesimulator/LyoApp.build/Objects-normal/x86_64/LyoApp-Swift.h -working-directory /Users/republicalatuya/Desktop/LyoApp\ July -experimental-emit-module-separately -disable-cmo

SwiftCompile normal x86_64 Compiling\ LessonBlockView.swift,\ AIAvatarView.swift,\ AIAvatarIntegration.swift,\ AIFullChatViewWithCompletion.swift,\ AIModels.swift,\ AIOnboardingFlowView.swift,\ AISearchView.swift,\ AppIconView.swift,\ AppState.swift,\ AppStateExtensions.swift /Users/republicalatuya/Desktop/LyoApp\ July/LyoApp/LessonBlockView.swift /Users/republicalatuya/Desktop/LyoApp\ July/LyoApp/AIAvatarView.swift /Users/republicalatuya/Desktop/LyoApp\ July/LyoApp/AIAvatarIntegration.swift /Users/republicalatuya/Desktop/LyoApp\ July/LyoApp/AIFullChatViewWithCompletion.swift /Users/republicalatuya/Desktop/LyoApp\ July/LyoApp/AIModels.swift /Users/republicalatuya/Desktop/LyoApp\ July/LyoApp/AIOnboardingFlowView.swift /Users/republicalatuya/Desktop/LyoApp\ July/LyoApp/AISearchView.swift /Users/republicalatuya/Desktop/LyoApp\ July/LyoApp/AppIconView.swift /Users/republicalatuya/Desktop/LyoApp\ July/LyoApp/AppState.swift /Users/republicalatuya/Desktop/LyoApp\ July/LyoApp/AppStateExtensions.swift (in target 'LyoApp' from project 'LyoApp')
SwiftCompile normal x86_64 /Users/republicalatuya/Desktop/LyoApp\ July/LyoApp/LessonBlockView.swift (in target 'LyoApp' from project 'LyoApp')
    cd /Users/republicalatuya/Desktop/LyoApp\ July
    

SwiftCompile normal x86_64 /Users/republicalatuya/Desktop/LyoApp\ July/LyoApp/AIAvatarView.swift (in target 'LyoApp' from project 'LyoApp')
    cd /Users/republicalatuya/Desktop/LyoApp\ July
    

SwiftCompile normal x86_64 /Users/republicalatuya/Desktop/LyoApp\ July/LyoApp/AIAvatarIntegration.swift (in target 'LyoApp' from project 'LyoApp')
    cd /Users/republicalatuya/Desktop/LyoApp\ July
    

SwiftCompile normal x86_64 /Users/republicalatuya/Desktop/LyoApp\ July/LyoApp/AIFullChatViewWithCompletion.swift (in target 'LyoApp' from project 'LyoApp')
    cd /Users/republicalatuya/Desktop/LyoApp\ July
    

SwiftCompile normal x86_64 /Users/republicalatuya/Desktop/LyoApp\ July/LyoApp/AIModels.swift (in target 'LyoApp' from project 'LyoApp')
    cd /Users/republicalatuya/Desktop/LyoApp\ July
    

SwiftCompile normal x86_64 /Users/republicalatuya/Desktop/LyoApp\ July/LyoApp/AIOnboardingFlowView.swift (in target 'LyoApp' from project 'LyoApp')
    cd /Users/republicalatuya/Desktop/LyoApp\ July
    

SwiftCompile normal x86_64 /Users/republicalatuya/Desktop/LyoApp\ July/LyoApp/AISearchView.swift (in target 'LyoApp' from project 'LyoApp')
    cd /Users/republicalatuya/Desktop/LyoApp\ July
    

SwiftCompile normal x86_64 /Users/republicalatuya/Desktop/LyoApp\ July/LyoApp/AppIconView.swift (in target 'LyoApp' from project 'LyoApp')
    cd /Users/republicalatuya/Desktop/LyoApp\ July
    

SwiftCompile normal x86_64 /Users/republicalatuya/Desktop/LyoApp\ July/LyoApp/AppState.swift (in target 'LyoApp' from project 'LyoApp')
    cd /Users/republicalatuya/Desktop/LyoApp\ July
    

SwiftCompile normal x86_64 /Users/republicalatuya/Desktop/LyoApp\ July/LyoApp/AppStateExtensions.swift (in target 'LyoApp' from project 'LyoApp')
    cd /Users/republicalatuya/Desktop/LyoApp\ July
    

SwiftCompile normal x86_64 Compiling\ FloatingActionButton.swift,\ GamificationOverlay.swift,\ HeaderView.swift,\ LearnTabView.swift,\ LessonModels.swift,\ LibraryView.swift,\ HomeFeedView.swift,\ LyoAPIService.swift,\ LyoApp.swift,\ LyoConfiguration.swift /Users/republicalatuya/Desktop/LyoApp\ July/LyoApp/FloatingActionButton.swift /Users/republicalatuya/Desktop/LyoApp\ July/LyoApp/GamificationOverlay.swift /Users/republicalatuya/Desktop/LyoApp\ July/LyoApp/HeaderView.swift /Users/republicalatuya/Desktop/LyoApp\ July/LyoApp/LearnTabView.swift /Users/republicalatuya/Desktop/LyoApp\ July/LyoApp/LessonModels.swift /Users/republicalatuya/Desktop/LyoApp\ July/LyoApp/LibraryView.swift /Users/republicalatuya/Desktop/LyoApp\ July/LyoApp/HomeFeedView.swift /Users/republicalatuya/Desktop/LyoApp\ July/LyoApp/LyoAPIService.swift /Users/republicalatuya/Desktop/LyoApp\ July/LyoApp/LyoApp.swift /Users/republicalatuya/Desktop/LyoApp\ July/LyoApp/LyoConfiguration.swift (in target 'LyoApp' from project 'LyoApp')
SwiftCompile normal x86_64 /Users/republicalatuya/Desktop/LyoApp\ July/LyoApp/FloatingActionButton.swift (in target 'LyoApp' from project 'LyoApp')
    cd /Users/republicalatuya/Desktop/LyoApp\ July
    

SwiftCompile normal x86_64 /Users/republicalatuya/Desktop/LyoApp\ July/LyoApp/GamificationOverlay.swift (in target 'LyoApp' from project 'LyoApp')
    cd /Users/republicalatuya/Desktop/LyoApp\ July
    

SwiftCompile normal x86_64 /Users/republicalatuya/Desktop/LyoApp\ July/LyoApp/HeaderView.swift (in target 'LyoApp' from project 'LyoApp')
    cd /Users/republicalatuya/Desktop/LyoApp\ July
    

SwiftCompile normal x86_64 /Users/republicalatuya/Desktop/LyoApp\ July/LyoApp/LearnTabView.swift (in target 'LyoApp' from project 'LyoApp')
    cd /Users/republicalatuya/Desktop/LyoApp\ July
    

SwiftCompile normal x86_64 /Users/republicalatuya/Desktop/LyoApp\ July/LyoApp/LessonModels.swift (in target 'LyoApp' from project 'LyoApp')
    cd /Users/republicalatuya/Desktop/LyoApp\ July
    

SwiftCompile normal x86_64 /Users/republicalatuya/Desktop/LyoApp\ July/LyoApp/LibraryView.swift (in target 'LyoApp' from project 'LyoApp')
    cd /Users/republicalatuya/Desktop/LyoApp\ July
    

SwiftCompile normal x86_64 /Users/republicalatuya/Desktop/LyoApp\ July/LyoApp/HomeFeedView.swift (in target 'LyoApp' from project 'LyoApp')
    cd /Users/republicalatuya/Desktop/LyoApp\ July
    

SwiftCompile normal x86_64 /Users/republicalatuya/Desktop/LyoApp\ July/LyoApp/LyoAPIService.swift (in target 'LyoApp' from project 'LyoApp')
    cd /Users/republicalatuya/Desktop/LyoApp\ July
    

SwiftCompile normal x86_64 /Users/republicalatuya/Desktop/LyoApp\ July/LyoApp/LyoApp.swift (in target 'LyoApp' from project 'LyoApp')
    cd /Users/republicalatuya/Desktop/LyoApp\ July
    

SwiftCompile normal x86_64 /Users/republicalatuya/Desktop/LyoApp\ July/LyoApp/LyoConfiguration.swift (in target 'LyoApp' from project 'LyoApp')
    cd /Users/republicalatuya/Desktop/LyoApp\ July
    

SwiftCompile normal x86_64 Compiling\ AuthenticationView.swift,\ AvatarCompanionCoordinator.swift,\ CompilationVerification.swift,\ ContentView.swift,\ DesignSystem.swift,\ DesignTokens.swift,\ DiscoverView.swift,\ ErrorHandlingService.swift,\ FeedModels.swift,\ FinalTest.swift /Users/republicalatuya/Desktop/LyoApp\ July/LyoApp/AuthenticationView.swift /Users/republicalatuya/Desktop/LyoApp\ July/LyoApp/AvatarCompanionCoordinator.swift /Users/republicalatuya/Desktop/LyoApp\ July/LyoApp/CompilationVerification.swift /Users/republicalatuya/Desktop/LyoApp\ July/LyoApp/ContentView.swift /Users/republicalatuya/Desktop/LyoApp\ July/LyoApp/DesignSystem.swift /Users/republicalatuya/Desktop/LyoApp\ July/LyoApp/DesignTokens.swift /Users/republicalatuya/Desktop/LyoApp\ July/LyoApp/DiscoverView.swift /Users/republicalatuya/Desktop/LyoApp\ July/LyoApp/ErrorHandlingService.swift /Users/republicalatuya/Desktop/LyoApp\ July/LyoApp/FeedModels.swift /Users/republicalatuya/Desktop/LyoApp\ July/LyoApp/FinalTest.swift (in target 'LyoApp' from project 'LyoApp')

SwiftCompile normal x86_64 /Users/republicalatuya/Desktop/LyoApp\ July/LyoApp/AuthenticationView.swift (in target 'LyoApp' from project 'LyoApp')
    cd /Users/republicalatuya/Desktop/LyoApp\ July
    

SwiftCompile normal x86_64 /Users/republicalatuya/Desktop/LyoApp\ July/LyoApp/AvatarCompanionCoordinator.swift (in target 'LyoApp' from project 'LyoApp')
    cd /Users/republicalatuya/Desktop/LyoApp\ July
    

SwiftCompile normal x86_64 /Users/republicalatuya/Desktop/LyoApp\ July/LyoApp/CompilationVerification.swift (in target 'LyoApp' from project 'LyoApp')
    cd /Users/republicalatuya/Desktop/LyoApp\ July
    

SwiftCompile normal x86_64 /Users/republicalatuya/Desktop/LyoApp\ July/LyoApp/ContentView.swift (in target 'LyoApp' from project 'LyoApp')
    cd /Users/republicalatuya/Desktop/LyoApp\ July
    

SwiftCompile normal x86_64 /Users/republicalatuya/Desktop/LyoApp\ July/LyoApp/DesignSystem.swift (in target 'LyoApp' from project 'LyoApp')
    cd /Users/republicalatuya/Desktop/LyoApp\ July
    

SwiftCompile normal x86_64 /Users/republicalatuya/Desktop/LyoApp\ July/LyoApp/DesignTokens.swift (in target 'LyoApp' from project 'LyoApp')
    cd /Users/republicalatuya/Desktop/LyoApp\ July
    

SwiftCompile normal x86_64 /Users/republicalatuya/Desktop/LyoApp\ July/LyoApp/DiscoverView.swift (in target 'LyoApp' from project 'LyoApp')
    cd /Users/republicalatuya/Desktop/LyoApp\ July
    

SwiftCompile normal x86_64 /Users/republicalatuya/Desktop/LyoApp\ July/LyoApp/ErrorHandlingService.swift (in target 'LyoApp' from project 'LyoApp')
    cd /Users/republicalatuya/Desktop/LyoApp\ July
    

SwiftCompile normal x86_64 /Users/republicalatuya/Desktop/LyoApp\ July/LyoApp/FeedModels.swift (in target 'LyoApp' from project 'LyoApp')
    cd /Users/republicalatuya/Desktop/LyoApp\ July
    

SwiftCompile normal x86_64 /Users/republicalatuya/Desktop/LyoApp\ July/LyoApp/FinalTest.swift (in target 'LyoApp' from project 'LyoApp')
    cd /Users/republicalatuya/Desktop/LyoApp\ July
    

SwiftCompile normal x86_64 Compiling\ LearningAssistantView.swift,\ LearningCardView.swift,\ LearningHubView.swift,\ LearningResourceCards.swift,\ SearchComponents.swift,\ SearchHeaderView.swift,\ SearchResultsView.swift,\ SearchSuggestionsView.swift,\ GeneratedAssetSymbols.swift /Users/republicalatuya/Desktop/LyoApp\ July/LyoApp/LearningHub/Views/LearningAssistantView.swift /Users/republicalatuya/Desktop/LyoApp\ July/LyoApp/LearningHub/Views/LearningCardView.swift /Users/republicalatuya/Desktop/LyoApp\ July/LyoApp/LearningHub/Views/LearningHubView.swift /Users/republicalatuya/Desktop/LyoApp\ July/LyoApp/LearningHub/Views/LearningResourceCards.swift /Users/republicalatuya/Desktop/LyoApp\ July/LyoApp/LearningHub/Views/SearchComponents.swift /Users/republicalatuya/Desktop/LyoApp\ July/LyoApp/LearningHub/Views/SearchHeaderView.swift /Users/republicalatuya/Desktop/LyoApp\ July/LyoApp/LearningHub/Views/SearchResultsView.swift /Users/republicalatuya/Desktop/LyoApp\ July/LyoApp/LearningHub/Views/SearchSuggestionsView.swift /Users/republicalatuya/Library/Developer/Xcode/DerivedData/LyoApp-hfwblekrpenebnenbeknkwwbdrgr/Build/Intermediates.noindex/LyoApp.build/Debug-iphonesimulator/LyoApp.build/DerivedSources/GeneratedAssetSymbols.swift (in target 'LyoApp' from project 'LyoApp')

SwiftCompile normal x86_64 /Users/republicalatuya/Desktop/LyoApp\ July/LyoApp/LearningHub/Views/LearningAssistantView.swift (in target 'LyoApp' from project 'LyoApp')
    cd /Users/republicalatuya/Desktop/LyoApp\ July
    

SwiftCompile normal x86_64 /Users/republicalatuya/Desktop/LyoApp\ July/LyoApp/LearningHub/Views/LearningCardView.swift (in target 'LyoApp' from project 'LyoApp')
    cd /Users/republicalatuya/Desktop/LyoApp\ July
    

SwiftCompile normal x86_64 /Users/republicalatuya/Desktop/LyoApp\ July/LyoApp/LearningHub/Views/LearningHubView.swift (in target 'LyoApp' from project 'LyoApp')
    cd /Users/republicalatuya/Desktop/LyoApp\ July
    

SwiftCompile normal x86_64 /Users/republicalatuya/Desktop/LyoApp\ July/LyoApp/LearningHub/Views/LearningResourceCards.swift (in target 'LyoApp' from project 'LyoApp')
    cd /Users/republicalatuya/Desktop/LyoApp\ July
    

SwiftCompile normal x86_64 /Users/republicalatuya/Desktop/LyoApp\ July/LyoApp/LearningHub/Views/SearchComponents.swift (in target 'LyoApp' from project 'LyoApp')
    cd /Users/republicalatuya/Desktop/LyoApp\ July
    

SwiftCompile normal x86_64 /Users/republicalatuya/Desktop/LyoApp\ July/LyoApp/LearningHub/Views/SearchHeaderView.swift (in target 'LyoApp' from project 'LyoApp')
    cd /Users/republicalatuya/Desktop/LyoApp\ July
    

SwiftCompile normal x86_64 /Users/republicalatuya/Desktop/LyoApp\ July/LyoApp/LearningHub/Views/SearchResultsView.swift (in target 'LyoApp' from project 'LyoApp')
    cd /Users/republicalatuya/Desktop/LyoApp\ July
    

SwiftCompile normal x86_64 /Users/republicalatuya/Desktop/LyoApp\ July/LyoApp/LearningHub/Views/SearchSuggestionsView.swift (in target 'LyoApp' from project 'LyoApp')
    cd /Users/republicalatuya/Desktop/LyoApp\ July
    

SwiftCompile normal x86_64 /Users/republicalatuya/Library/Developer/Xcode/DerivedData/LyoApp-hfwblekrpenebnenbeknkwwbdrgr/Build/Intermediates.noindex/LyoApp.build/Debug-iphonesimulator/LyoApp.build/DerivedSources/GeneratedAssetSymbols.swift (in target 'LyoApp' from project 'LyoApp')
    cd /Users/republicalatuya/Desktop/LyoApp\ July
    

SwiftCompile normal x86_64 Compiling\ LearningResource.swift,\ LearningAPIService.swift,\ LearningAssistantViewModel.swift,\ LearningSearchViewModel.swift,\ SearchViewModel.swift,\ ContentDisplayComponents.swift,\ ContentSection.swift,\ FeaturedContentCarousel.swift,\ LearnView.swift /Users/republicalatuya/Desktop/LyoApp\ July/LyoApp/LearningHub/Models/LearningResource.swift /Users/republicalatuya/Desktop/LyoApp\ July/LyoApp/LearningHub/Services/LearningAPIService.swift /Users/republicalatuya/Desktop/LyoApp\ July/LyoApp/LearningHub/ViewModels/LearningAssistantViewModel.swift /Users/republicalatuya/Desktop/LyoApp\ July/LyoApp/LearningHub/ViewModels/LearningSearchViewModel.swift /Users/republicalatuya/Desktop/LyoApp\ July/LyoApp/LearningHub/ViewModels/SearchViewModel.swift /Users/republicalatuya/Desktop/LyoApp\ July/LyoApp/LearningHub/Views/ContentDisplayComponents.swift /Users/republicalatuya/Desktop/LyoApp\ July/LyoApp/LearningHub/Views/ContentSection.swift /Users/republicalatuya/Desktop/LyoApp\ July/LyoApp/LearningHub/Views/FeaturedContentCarousel.swift /Users/republicalatuya/Desktop/LyoApp\ July/LyoApp/LearningHub/Views/LearnView.swift (in target 'LyoApp' from project 'LyoApp')

SwiftCompile normal x86_64 /Users/republicalatuya/Desktop/LyoApp\ July/LyoApp/LearningHub/Models/LearningResource.swift (in target 'LyoApp' from project 'LyoApp')
    cd /Users/republicalatuya/Desktop/LyoApp\ July
    

SwiftCompile normal x86_64 /Users/republicalatuya/Desktop/LyoApp\ July/LyoApp/LearningHub/Services/LearningAPIService.swift (in target 'LyoApp' from project 'LyoApp')
    cd /Users/republicalatuya/Desktop/LyoApp\ July
    

SwiftCompile normal x86_64 /Users/republicalatuya/Desktop/LyoApp\ July/LyoApp/LearningHub/ViewModels/LearningAssistantViewModel.swift (in target 'LyoApp' from project 'LyoApp')
    cd /Users/republicalatuya/Desktop/LyoApp\ July
    

SwiftCompile normal x86_64 /Users/republicalatuya/Desktop/LyoApp\ July/LyoApp/LearningHub/ViewModels/LearningSearchViewModel.swift (in target 'LyoApp' from project 'LyoApp')
    cd /Users/republicalatuya/Desktop/LyoApp\ July
    

SwiftCompile normal x86_64 /Users/republicalatuya/Desktop/LyoApp\ July/LyoApp/LearningHub/ViewModels/SearchViewModel.swift (in target 'LyoApp' from project 'LyoApp')
    cd /Users/republicalatuya/Desktop/LyoApp\ July
    

SwiftCompile normal x86_64 /Users/republicalatuya/Desktop/LyoApp\ July/LyoApp/LearningHub/Views/ContentDisplayComponents.swift (in target 'LyoApp' from project 'LyoApp')
    cd /Users/republicalatuya/Desktop/LyoApp\ July
    

SwiftCompile normal x86_64 /Users/republicalatuya/Desktop/LyoApp\ July/LyoApp/LearningHub/Views/ContentSection.swift (in target 'LyoApp' from project 'LyoApp')
    cd /Users/republicalatuya/Desktop/LyoApp\ July
    

SwiftCompile normal x86_64 /Users/republicalatuya/Desktop/LyoApp\ July/LyoApp/LearningHub/Views/FeaturedContentCarousel.swift (in target 'LyoApp' from project 'LyoApp')
    cd /Users/republicalatuya/Desktop/LyoApp\ July
    

SwiftCompile normal x86_64 /Users/republicalatuya/Desktop/LyoApp\ July/LyoApp/LearningHub/Views/LearnView.swift (in target 'LyoApp' from project 'LyoApp')
    cd /Users/republicalatuya/Desktop/LyoApp\ July
    

SwiftEmitModule normal x86_64 Emitting\ module\ for\ LyoApp (in target 'LyoApp' from project 'LyoApp')

EmitSwiftModule normal x86_64 (in target 'LyoApp' from project 'LyoApp')
    cd /Users/republicalatuya/Desktop/LyoApp\ July
    

SwiftCompile normal x86_64 Compiling\ LearningDataService.swift,\ KeychainManager.swift,\ NotificationManager.swift,\ GemmaService.swift,\ RealAPIService.swift,\ DownloadManager.swift,\ NetworkMonitor.swift,\ AuthenticationService.swift,\ StorageManager.swift /Users/republicalatuya/Desktop/LyoApp\ July/LyoApp/Services/LearningDataService.swift /Users/republicalatuya/Desktop/LyoApp\ July/LyoApp/Services/KeychainManager.swift /Users/republicalatuya/Desktop/LyoApp\ July/LyoApp/Services/NotificationManager.swift /Users/republicalatuya/Desktop/LyoApp\ July/LyoApp/Services/GemmaService.swift /Users/republicalatuya/Desktop/LyoApp\ July/LyoApp/Services/RealAPIService.swift /Users/republicalatuya/Desktop/LyoApp\ July/LyoApp/Services/DownloadManager.swift /Users/republicalatuya/Desktop/LyoApp\ July/LyoApp/Services/NetworkMonitor.swift /Users/republicalatuya/Desktop/LyoApp\ July/LyoApp/Services/AuthenticationService.swift /Users/republicalatuya/Desktop/LyoApp\ July/LyoApp/Services/StorageManager.swift (in target 'LyoApp' from project 'LyoApp')

SwiftCompile normal x86_64 /Users/republicalatuya/Desktop/LyoApp\ July/LyoApp/Services/LearningDataService.swift (in target 'LyoApp' from project 'LyoApp')
    cd /Users/republicalatuya/Desktop/LyoApp\ July
    

SwiftCompile normal x86_64 /Users/republicalatuya/Desktop/LyoApp\ July/LyoApp/Services/KeychainManager.swift (in target 'LyoApp' from project 'LyoApp')
    cd /Users/republicalatuya/Desktop/LyoApp\ July
    

SwiftCompile normal x86_64 /Users/republicalatuya/Desktop/LyoApp\ July/LyoApp/Services/NotificationManager.swift (in target 'LyoApp' from project 'LyoApp')
    cd /Users/republicalatuya/Desktop/LyoApp\ July
    

SwiftCompile normal x86_64 /Users/republicalatuya/Desktop/LyoApp\ July/LyoApp/Services/GemmaService.swift (in target 'LyoApp' from project 'LyoApp')
    cd /Users/republicalatuya/Desktop/LyoApp\ July
    

SwiftCompile normal x86_64 /Users/republicalatuya/Desktop/LyoApp\ July/LyoApp/Services/RealAPIService.swift (in target 'LyoApp' from project 'LyoApp')
    cd /Users/republicalatuya/Desktop/LyoApp\ July
    

SwiftCompile normal x86_64 /Users/republicalatuya/Desktop/LyoApp\ July/LyoApp/Services/DownloadManager.swift (in target 'LyoApp' from project 'LyoApp')
    cd /Users/republicalatuya/Desktop/LyoApp\ July
    

SwiftCompile normal x86_64 /Users/republicalatuya/Desktop/LyoApp\ July/LyoApp/Services/NetworkMonitor.swift (in target 'LyoApp' from project 'LyoApp')
    cd /Users/republicalatuya/Desktop/LyoApp\ July
    

SwiftCompile normal x86_64 /Users/republicalatuya/Desktop/LyoApp\ July/LyoApp/Services/AuthenticationService.swift (in target 'LyoApp' from project 'LyoApp')
    cd /Users/republicalatuya/Desktop/LyoApp\ July
    

SwiftCompile normal x86_64 /Users/republicalatuya/Desktop/LyoApp\ July/LyoApp/Services/StorageManager.swift (in target 'LyoApp' from project 'LyoApp')
    cd /Users/republicalatuya/Desktop/LyoApp\ July
    

SwiftCompile normal x86_64 Compiling\ LyoWebSocketService.swift,\ MainTabView.swift,\ MessageBubble.swift,\ MessengerView.swift,\ Models.swift,\ MoreTabView.swift,\ NetworkLayer.swift,\ PostView.swift,\ SettingsView.swift,\ SimpleChatView.swift /Users/republicalatuya/Desktop/LyoApp\ July/LyoApp/LyoWebSocketService.swift /Users/republicalatuya/Desktop/LyoApp\ July/LyoApp/MainTabView.swift /Users/republicalatuya/Desktop/LyoApp\ July/LyoApp/MessageBubble.swift /Users/republicalatuya/Desktop/LyoApp\ July/LyoApp/MessengerView.swift /Users/republicalatuya/Desktop/LyoApp\ July/LyoApp/Models.swift /Users/republicalatuya/Desktop/LyoApp\ July/LyoApp/MoreTabView.swift /Users/republicalatuya/Desktop/LyoApp\ July/LyoApp/NetworkLayer.swift /Users/republicalatuya/Desktop/LyoApp\ July/LyoApp/PostView.swift /Users/republicalatuya/Desktop/LyoApp\ July/LyoApp/SettingsView.swift /Users/republicalatuya/Desktop/LyoApp\ July/LyoApp/SimpleChatView.swift (in target 'LyoApp' from project 'LyoApp')

SwiftCompile normal x86_64 /Users/republicalatuya/Desktop/LyoApp\ July/LyoApp/LyoWebSocketService.swift (in target 'LyoApp' from project 'LyoApp')
    cd /Users/republicalatuya/Desktop/LyoApp\ July
    

SwiftCompile normal x86_64 /Users/republicalatuya/Desktop/LyoApp\ July/LyoApp/MainTabView.swift (in target 'LyoApp' from project 'LyoApp')
    cd /Users/republicalatuya/Desktop/LyoApp\ July
    

SwiftCompile normal x86_64 /Users/republicalatuya/Desktop/LyoApp\ July/LyoApp/MessageBubble.swift (in target 'LyoApp' from project 'LyoApp')
    cd /Users/republicalatuya/Desktop/LyoApp\ July
    

SwiftCompile normal x86_64 /Users/republicalatuya/Desktop/LyoApp\ July/LyoApp/MessengerView.swift (in target 'LyoApp' from project 'LyoApp')
    cd /Users/republicalatuya/Desktop/LyoApp\ July
    

SwiftCompile normal x86_64 /Users/republicalatuya/Desktop/LyoApp\ July/LyoApp/Models.swift (in target 'LyoApp' from project 'LyoApp')
    cd /Users/republicalatuya/Desktop/LyoApp\ July
    

SwiftCompile normal x86_64 /Users/republicalatuya/Desktop/LyoApp\ July/LyoApp/MoreTabView.swift (in target 'LyoApp' from project 'LyoApp')
    cd /Users/republicalatuya/Desktop/LyoApp\ July
    

SwiftCompile normal x86_64 /Users/republicalatuya/Desktop/LyoApp\ July/LyoApp/NetworkLayer.swift (in target 'LyoApp' from project 'LyoApp')
    cd /Users/republicalatuya/Desktop/LyoApp\ July
    

SwiftCompile normal x86_64 /Users/republicalatuya/Desktop/LyoApp\ July/LyoApp/PostView.swift (in target 'LyoApp' from project 'LyoApp')
    cd /Users/republicalatuya/Desktop/LyoApp\ July
    

SwiftCompile normal x86_64 /Users/republicalatuya/Desktop/LyoApp\ July/LyoApp/SettingsView.swift (in target 'LyoApp' from project 'LyoApp')
    cd /Users/republicalatuya/Desktop/LyoApp\ July
    

SwiftCompile normal x86_64 /Users/republicalatuya/Desktop/LyoApp\ July/LyoApp/SimpleChatView.swift (in target 'LyoApp' from project 'LyoApp')
    cd /Users/republicalatuya/Desktop/LyoApp\ July
    

ProcessInfoPlistFile /Users/republicalatuya/Library/Developer/Xcode/DerivedData/LyoApp-hfwblekrpenebnenbeknkwwbdrgr/Build/Products/Debug-iphonesimulator/LyoApp.app/Info.plist /Users/republicalatuya/Desktop/LyoApp\ July/LyoApp/Info.plist (in target 'LyoApp' from project 'LyoApp')
    cd /Users/republicalatuya/Desktop/LyoApp\ July
    builtin-infoPlistUtility /Users/republicalatuya/Desktop/LyoApp\ July/LyoApp/Info.plist -producttype com.apple.product-type.application -genpkginfo /Users/republicalatuya/Library/Developer/Xcode/DerivedData/LyoApp-hfwblekrpenebnenbeknkwwbdrgr/Build/Products/Debug-iphonesimulator/LyoApp.app/PkgInfo -expandbuildsettings -format binary -platform iphonesimulator -additionalcontentfile /Users/republicalatuya/Library/Developer/Xcode/DerivedData/LyoApp-hfwblekrpenebnenbeknkwwbdrgr/Build/Intermediates.noindex/LyoApp.build/Debug-iphonesimulator/LyoApp.build/LaunchScreen-SBPartialInfo.plist -additionalcontentfile /Users/republicalatuya/Library/Developer/Xcode/DerivedData/LyoApp-hfwblekrpenebnenbeknkwwbdrgr/Build/Intermediates.noindex/LyoApp.build/Debug-iphonesimulator/LyoApp.build/assetcatalog_generated_info.plist -o /Users/republicalatuya/Library/Developer/Xcode/DerivedData/LyoApp-hfwblekrpenebnenbeknkwwbdrgr/Build/Products/Debug-iphonesimulator/LyoApp.app/Info.plist

SwiftDriverJobDiscovery normal x86_64 Compiling LearningDataService.swift, KeychainManager.swift, NotificationManager.swift, GemmaService.swift, RealAPIService.swift, DownloadManager.swift, NetworkMonitor.swift, AuthenticationService.swift, StorageManager.swift (in target 'LyoApp' from project 'LyoApp')

LinkStoryboards (in target 'LyoApp' from project 'LyoApp')
    cd /Users/republicalatuya/Desktop/LyoApp\ July
    /Applications/Xcode.app/Contents/Developer/usr/bin/ibtool --errors --warnings --notices --module LyoApp --target-device iphone --target-device ipad --minimum-deployment-target 17.0 --output-format human-readable-text --link /Users/republicalatuya/Library/Developer/Xcode/DerivedData/LyoApp-hfwblekrpenebnenbeknkwwbdrgr/Build/Products/Debug-iphonesimulator/LyoApp.app /Users/republicalatuya/Library/Developer/Xcode/DerivedData/LyoApp-hfwblekrpenebnenbeknkwwbdrgr/Build/Intermediates.noindex/LyoApp.build/Debug-iphonesimulator/LyoApp.build/LaunchScreen.storyboardc

SwiftCompile normal x86_64 Compiling\ SpecializedViews.swift,\ TypingIndicator.swift,\ UserDataManager.swift,\ DataManager.swift,\ VoiceActivationService.swift,\ VoiceRecognizer.swift,\ WebSocketService.swift,\ AnalyticsManager.swift,\ DownloadManagerService.swift,\ ContentPlayerService.swift /Users/republicalatuya/Desktop/LyoApp\ July/LyoApp/SpecializedViews.swift /Users/republicalatuya/Desktop/LyoApp\ July/LyoApp/TypingIndicator.swift /Users/republicalatuya/Desktop/LyoApp\ July/LyoApp/UserDataManager.swift /Users/republicalatuya/Desktop/LyoApp\ July/LyoApp/DataManager.swift /Users/republicalatuya/Desktop/LyoApp\ July/LyoApp/VoiceActivationService.swift /Users/republicalatuya/Desktop/LyoApp\ July/LyoApp/VoiceRecognizer.swift /Users/republicalatuya/Desktop/LyoApp\ July/LyoApp/WebSocketService.swift /Users/republicalatuya/Desktop/LyoApp\ July/LyoApp/Services/AnalyticsManager.swift /Users/republicalatuya/Desktop/LyoApp\ July/LyoApp/Services/DownloadManagerService.swift /Users/republicalatuya/Desktop/LyoApp\ July/LyoApp/Services/ContentPlayerService.swift (in target 'LyoApp' from project 'LyoApp')

SwiftCompile normal x86_64 /Users/republicalatuya/Desktop/LyoApp\ July/LyoApp/SpecializedViews.swift (in target 'LyoApp' from project 'LyoApp')
    cd /Users/republicalatuya/Desktop/LyoApp\ July
    

SwiftCompile normal x86_64 /Users/republicalatuya/Desktop/LyoApp\ July/LyoApp/TypingIndicator.swift (in target 'LyoApp' from project 'LyoApp')
    cd /Users/republicalatuya/Desktop/LyoApp\ July
    

SwiftCompile normal x86_64 /Users/republicalatuya/Desktop/LyoApp\ July/LyoApp/UserDataManager.swift (in target 'LyoApp' from project 'LyoApp')
    cd /Users/republicalatuya/Desktop/LyoApp\ July
    

SwiftCompile normal x86_64 /Users/republicalatuya/Desktop/LyoApp\ July/LyoApp/DataManager.swift (in target 'LyoApp' from project 'LyoApp')
    cd /Users/republicalatuya/Desktop/LyoApp\ July
    

SwiftCompile normal x86_64 /Users/republicalatuya/Desktop/LyoApp\ July/LyoApp/VoiceActivationService.swift (in target 'LyoApp' from project 'LyoApp')
    cd /Users/republicalatuya/Desktop/LyoApp\ July
    

SwiftCompile normal x86_64 /Users/republicalatuya/Desktop/LyoApp\ July/LyoApp/VoiceRecognizer.swift (in target 'LyoApp' from project 'LyoApp')
    cd /Users/republicalatuya/Desktop/LyoApp\ July
    

SwiftCompile normal x86_64 /Users/republicalatuya/Desktop/LyoApp\ July/LyoApp/WebSocketService.swift (in target 'LyoApp' from project 'LyoApp')
    cd /Users/republicalatuya/Desktop/LyoApp\ July
    

SwiftCompile normal x86_64 /Users/republicalatuya/Desktop/LyoApp\ July/LyoApp/Services/AnalyticsManager.swift (in target 'LyoApp' from project 'LyoApp')
    cd /Users/republicalatuya/Desktop/LyoApp\ July
    

SwiftCompile normal x86_64 /Users/republicalatuya/Desktop/LyoApp\ July/LyoApp/Services/DownloadManagerService.swift (in target 'LyoApp' from project 'LyoApp')
    cd /Users/republicalatuya/Desktop/LyoApp\ July
    

SwiftCompile normal x86_64 /Users/republicalatuya/Desktop/LyoApp\ July/LyoApp/Services/ContentPlayerService.swift (in target 'LyoApp' from project 'LyoApp')
    cd /Users/republicalatuya/Desktop/LyoApp\ July
    

SwiftDriverJobDiscovery normal x86_64 Emitting module for LyoApp (in target 'LyoApp' from project 'LyoApp')

SwiftDriver\ Compilation\ Requirements LyoApp normal x86_64 com.apple.xcode.tools.swift.compiler (in target 'LyoApp' from project 'LyoApp')
    cd /Users/republicalatuya/Desktop/LyoApp\ July
    builtin-Swift-Compilation-Requirements -- /Applications/Xcode.app/Contents/Developer/Toolchains/XcodeDefault.xctoolchain/usr/bin/swiftc -module-name LyoApp -Onone -enforce-exclusivity\=checked @/Users/republicalatuya/Library/Developer/Xcode/DerivedData/LyoApp-hfwblekrpenebnenbeknkwwbdrgr/Build/Intermediates.noindex/LyoApp.build/Debug-iphonesimulator/LyoApp.build/Objects-normal/x86_64/LyoApp.SwiftFileList -DDEBUG -enable-bare-slash-regex -enable-experimental-feature DebugDescriptionMacro -sdk /Applications/Xcode.app/Contents/Developer/Platforms/iPhoneSimulator.platform/Developer/SDKs/iPhoneSimulator18.5.sdk -target x86_64-apple-ios17.0-simulator -g -module-cache-path /Users/republicalatuya/Library/Developer/Xcode/DerivedData/ModuleCache.noindex -Xfrontend -serialize-debugging-options -enable-testing -index-store-path /Users/republicalatuya/Library/Developer/Xcode/DerivedData/LyoApp-hfwblekrpenebnenbeknkwwbdrgr/Index.noindex/DataStore -swift-version 5 -I /Users/republicalatuya/Library/Developer/Xcode/DerivedData/LyoApp-hfwblekrpenebnenbeknkwwbdrgr/Build/Products/Debug-iphonesimulator -F /Users/republicalatuya/Library/Developer/Xcode/DerivedData/LyoApp-hfwblekrpenebnenbeknkwwbdrgr/Build/Products/Debug-iphonesimulator -c -j8 -enable-batch-mode -incremental -Xcc -ivfsstatcache -Xcc /Users/republicalatuya/Library/Developer/Xcode/DerivedData/SDKStatCaches.noindex/iphonesimulator18.5-22F76-d5fc8ad4295d2ef488fb7d0f804ce0c4.sdkstatcache -output-file-map /Users/republicalatuya/Library/Developer/Xcode/DerivedData/LyoApp-hfwblekrpenebnenbeknkwwbdrgr/Build/Intermediates.noindex/LyoApp.build/Debug-iphonesimulator/LyoApp.build/Objects-normal/x86_64/LyoApp-OutputFileMap.json -use-frontend-parseable-output -save-temps -no-color-diagnostics -serialize-diagnostics -emit-dependencies -emit-module -emit-module-path /Users/republicalatuya/Library/Developer/Xcode/DerivedData/LyoApp-hfwblekrpenebnenbeknkwwbdrgr/Build/Intermediates.noindex/LyoApp.build/Debug-iphonesimulator/LyoApp.build/Objects-normal/x86_64/LyoApp.swiftmodule -validate-clang-modules-once -clang-build-session-file /Users/republicalatuya/Library/Developer/Xcode/DerivedData/ModuleCache.noindex/Session.modulevalidation -Xcc -I/Users/republicalatuya/Library/Developer/Xcode/DerivedData/LyoApp-hfwblekrpenebnenbeknkwwbdrgr/Build/Intermediates.noindex/LyoApp.build/Debug-iphonesimulator/LyoApp.build/swift-overrides.hmap -emit-const-values -Xfrontend -const-gather-protocols-file -Xfrontend /Users/republicalatuya/Library/Developer/Xcode/DerivedData/LyoApp-hfwblekrpenebnenbeknkwwbdrgr/Build/Intermediates.noindex/LyoApp.build/Debug-iphonesimulator/LyoApp.build/Objects-normal/x86_64/LyoApp_const_extract_protocols.json -Xcc -iquote -Xcc /Users/republicalatuya/Library/Developer/Xcode/DerivedData/LyoApp-hfwblekrpenebnenbeknkwwbdrgr/Build/Intermediates.noindex/LyoApp.build/Debug-iphonesimulator/LyoApp.build/LyoApp-generated-files.hmap -Xcc -I/Users/republicalatuya/Library/Developer/Xcode/DerivedData/LyoApp-hfwblekrpenebnenbeknkwwbdrgr/Build/Intermediates.noindex/LyoApp.build/Debug-iphonesimulator/LyoApp.build/LyoApp-own-target-headers.hmap -Xcc -I/Users/republicalatuya/Library/Developer/Xcode/DerivedData/LyoApp-hfwblekrpenebnenbeknkwwbdrgr/Build/Intermediates.noindex/LyoApp.build/Debug-iphonesimulator/LyoApp.build/LyoApp-all-target-headers.hmap -Xcc -iquote -Xcc /Users/republicalatuya/Library/Developer/Xcode/DerivedData/LyoApp-hfwblekrpenebnenbeknkwwbdrgr/Build/Intermediates.noindex/LyoApp.build/Debug-iphonesimulator/LyoApp.build/LyoApp-project-headers.hmap -Xcc -I/Users/republicalatuya/Library/Developer/Xcode/DerivedData/LyoApp-hfwblekrpenebnenbeknkwwbdrgr/Build/Products/Debug-iphonesimulator/include -Xcc -I/Users/republicalatuya/Library/Developer/Xcode/DerivedData/LyoApp-hfwblekrpenebnenbeknkwwbdrgr/Build/Intermediates.noindex/LyoApp.build/Debug-iphonesimulator/LyoApp.build/DerivedSources-normal/x86_64 -Xcc -I/Users/republicalatuya/Library/Developer/Xcode/DerivedData/LyoApp-hfwblekrpenebnenbeknkwwbdrgr/Build/Intermediates.noindex/LyoApp.build/Debug-iphonesimulator/LyoApp.build/DerivedSources/x86_64 -Xcc -I/Users/republicalatuya/Library/Developer/Xcode/DerivedData/LyoApp-hfwblekrpenebnenbeknkwwbdrgr/Build/Intermediates.noindex/LyoApp.build/Debug-iphonesimulator/LyoApp.build/DerivedSources -Xcc -DDEBUG\=1 -emit-objc-header -emit-objc-header-path /Users/republicalatuya/Library/Developer/Xcode/DerivedData/LyoApp-hfwblekrpenebnenbeknkwwbdrgr/Build/Intermediates.noindex/LyoApp.build/Debug-iphonesimulator/LyoApp.build/Objects-normal/x86_64/LyoApp-Swift.h -working-directory /Users/republicalatuya/Desktop/LyoApp\ July -experimental-emit-module-separately -disable-cmo

Copy /Users/republicalatuya/Library/Developer/Xcode/DerivedData/LyoApp-hfwblekrpenebnenbeknkwwbdrgr/Build/Products/Debug-iphonesimulator/LyoApp.swiftmodule/x86_64-apple-ios-simulator.abi.json /Users/republicalatuya/Library/Developer/Xcode/DerivedData/LyoApp-hfwblekrpenebnenbeknkwwbdrgr/Build/Intermediates.noindex/LyoApp.build/Debug-iphonesimulator/LyoApp.build/Objects-normal/x86_64/LyoApp.abi.json (in target 'LyoApp' from project 'LyoApp')
    cd /Users/republicalatuya/Desktop/LyoApp\ July
    builtin-copy -exclude .DS_Store -exclude CVS -exclude .svn -exclude .git -exclude .hg -resolve-src-symlinks -rename /Users/republicalatuya/Library/Developer/Xcode/DerivedData/LyoApp-hfwblekrpenebnenbeknkwwbdrgr/Build/Intermediates.noindex/LyoApp.build/Debug-iphonesimulator/LyoApp.build/Objects-normal/x86_64/LyoApp.abi.json /Users/republicalatuya/Library/Developer/Xcode/DerivedData/LyoApp-hfwblekrpenebnenbeknkwwbdrgr/Build/Products/Debug-iphonesimulator/LyoApp.swiftmodule/x86_64-apple-ios-simulator.abi.json

Copy /Users/republicalatuya/Library/Developer/Xcode/DerivedData/LyoApp-hfwblekrpenebnenbeknkwwbdrgr/Build/Products/Debug-iphonesimulator/LyoApp.swiftmodule/Project/x86_64-apple-ios-simulator.swiftsourceinfo /Users/republicalatuya/Library/Developer/Xcode/DerivedData/LyoApp-hfwblekrpenebnenbeknkwwbdrgr/Build/Intermediates.noindex/LyoApp.build/Debug-iphonesimulator/LyoApp.build/Objects-normal/x86_64/LyoApp.swiftsourceinfo (in target 'LyoApp' from project 'LyoApp')
    cd /Users/republicalatuya/Desktop/LyoApp\ July
    builtin-copy -exclude .DS_Store -exclude CVS -exclude .svn -exclude .git -exclude .hg -resolve-src-symlinks -rename /Users/republicalatuya/Library/Developer/Xcode/DerivedData/LyoApp-hfwblekrpenebnenbeknkwwbdrgr/Build/Intermediates.noindex/LyoApp.build/Debug-iphonesimulator/LyoApp.build/Objects-normal/x86_64/LyoApp.swiftsourceinfo /Users/republicalatuya/Library/Developer/Xcode/DerivedData/LyoApp-hfwblekrpenebnenbeknkwwbdrgr/Build/Products/Debug-iphonesimulator/LyoApp.swiftmodule/Project/x86_64-apple-ios-simulator.swiftsourceinfo

SwiftDriverJobDiscovery normal x86_64 Compiling AuthenticationView.swift, AvatarCompanionCoordinator.swift, CompilationVerification.swift, ContentView.swift, DesignSystem.swift, DesignTokens.swift, DiscoverView.swift, ErrorHandlingService.swift, FeedModels.swift, FinalTest.swift (in target 'LyoApp' from project 'LyoApp')

SwiftDriverJobDiscovery normal x86_64 Compiling SpecializedViews.swift, TypingIndicator.swift, UserDataManager.swift, DataManager.swift, VoiceActivationService.swift, VoiceRecognizer.swift, WebSocketService.swift, AnalyticsManager.swift, DownloadManagerService.swift, ContentPlayerService.swift (in target 'LyoApp' from project 'LyoApp')

SwiftDriverJobDiscovery normal x86_64 Compiling LessonBlockView.swift, AIAvatarView.swift, AIAvatarIntegration.swift, AIFullChatViewWithCompletion.swift, AIModels.swift, AIOnboardingFlowView.swift, AISearchView.swift, AppIconView.swift, AppState.swift, AppStateExtensions.swift (in target 'LyoApp' from project 'LyoApp')

SwiftDriverJobDiscovery normal x86_64 Compiling LearningAssistantView.swift, LearningCardView.swift, LearningHubView.swift, LearningResourceCards.swift, SearchComponents.swift, SearchHeaderView.swift, SearchResultsView.swift, SearchSuggestionsView.swift, GeneratedAssetSymbols.swift (in target 'LyoApp' from project 'LyoApp')

SwiftDriverJobDiscovery normal x86_64 Compiling LearningResource.swift, LearningAPIService.swift, LearningAssistantViewModel.swift, LearningSearchViewModel.swift, SearchViewModel.swift, ContentDisplayComponents.swift, ContentSection.swift, FeaturedContentCarousel.swift, LearnView.swift (in target 'LyoApp' from project 'LyoApp')

SwiftDriverJobDiscovery normal x86_64 Compiling LyoWebSocketService.swift, MainTabView.swift, MessageBubble.swift, MessengerView.swift, Models.swift, MoreTabView.swift, NetworkLayer.swift, PostView.swift, SettingsView.swift, SimpleChatView.swift (in target 'LyoApp' from project 'LyoApp')

SwiftDriverJobDiscovery normal x86_64 Compiling FloatingActionButton.swift, GamificationOverlay.swift, HeaderView.swift, LearnTabView.swift, LessonModels.swift, LibraryView.swift, HomeFeedView.swift, LyoAPIService.swift, LyoApp.swift, LyoConfiguration.swift (in target 'LyoApp' from project 'LyoApp')

SwiftDriver\ Compilation LyoApp normal x86_64 com.apple.xcode.tools.swift.compiler (in target 'LyoApp' from project 'LyoApp')
    cd /Users/republicalatuya/Desktop/LyoApp\ July
    builtin-Swift-Compilation -- /Applications/Xcode.app/Contents/Developer/Toolchains/XcodeDefault.xctoolchain/usr/bin/swiftc -module-name LyoApp -Onone -enforce-exclusivity\=checked @/Users/republicalatuya/Library/Developer/Xcode/DerivedData/LyoApp-hfwblekrpenebnenbeknkwwbdrgr/Build/Intermediates.noindex/LyoApp.build/Debug-iphonesimulator/LyoApp.build/Objects-normal/x86_64/LyoApp.SwiftFileList -DDEBUG -enable-bare-slash-regex -enable-experimental-feature DebugDescriptionMacro -sdk /Applications/Xcode.app/Contents/Developer/Platforms/iPhoneSimulator.platform/Developer/SDKs/iPhoneSimulator18.5.sdk -target x86_64-apple-ios17.0-simulator -g -module-cache-path /Users/republicalatuya/Library/Developer/Xcode/DerivedData/ModuleCache.noindex -Xfrontend -serialize-debugging-options -enable-testing -index-store-path /Users/republicalatuya/Library/Developer/Xcode/DerivedData/LyoApp-hfwblekrpenebnenbeknkwwbdrgr/Index.noindex/DataStore -swift-version 5 -I /Users/republicalatuya/Library/Developer/Xcode/DerivedData/LyoApp-hfwblekrpenebnenbeknkwwbdrgr/Build/Products/Debug-iphonesimulator -F /Users/republicalatuya/Library/Developer/Xcode/DerivedData/LyoApp-hfwblekrpenebnenbeknkwwbdrgr/Build/Products/Debug-iphonesimulator -c -j8 -enable-batch-mode -incremental -Xcc -ivfsstatcache -Xcc /Users/republicalatuya/Library/Developer/Xcode/DerivedData/SDKStatCaches.noindex/iphonesimulator18.5-22F76-d5fc8ad4295d2ef488fb7d0f804ce0c4.sdkstatcache -output-file-map /Users/republicalatuya/Library/Developer/Xcode/DerivedData/LyoApp-hfwblekrpenebnenbeknkwwbdrgr/Build/Intermediates.noindex/LyoApp.build/Debug-iphonesimulator/LyoApp.build/Objects-normal/x86_64/LyoApp-OutputFileMap.json -use-frontend-parseable-output -save-temps -no-color-diagnostics -serialize-diagnostics -emit-dependencies -emit-module -emit-module-path /Users/republicalatuya/Library/Developer/Xcode/DerivedData/LyoApp-hfwblekrpenebnenbeknkwwbdrgr/Build/Intermediates.noindex/LyoApp.build/Debug-iphonesimulator/LyoApp.build/Objects-normal/x86_64/LyoApp.swiftmodule -validate-clang-modules-once -clang-build-session-file /Users/republicalatuya/Library/Developer/Xcode/DerivedData/ModuleCache.noindex/Session.modulevalidation -Xcc -I/Users/republicalatuya/Library/Developer/Xcode/DerivedData/LyoApp-hfwblekrpenebnenbeknkwwbdrgr/Build/Intermediates.noindex/LyoApp.build/Debug-iphonesimulator/LyoApp.build/swift-overrides.hmap -emit-const-values -Xfrontend -const-gather-protocols-file -Xfrontend /Users/republicalatuya/Library/Developer/Xcode/DerivedData/LyoApp-hfwblekrpenebnenbeknkwwbdrgr/Build/Intermediates.noindex/LyoApp.build/Debug-iphonesimulator/LyoApp.build/Objects-normal/x86_64/LyoApp_const_extract_protocols.json -Xcc -iquote -Xcc /Users/republicalatuya/Library/Developer/Xcode/DerivedData/LyoApp-hfwblekrpenebnenbeknkwwbdrgr/Build/Intermediates.noindex/LyoApp.build/Debug-iphonesimulator/LyoApp.build/LyoApp-generated-files.hmap -Xcc -I/Users/republicalatuya/Library/Developer/Xcode/DerivedData/LyoApp-hfwblekrpenebnenbeknkwwbdrgr/Build/Intermediates.noindex/LyoApp.build/Debug-iphonesimulator/LyoApp.build/LyoApp-own-target-headers.hmap -Xcc -I/Users/republicalatuya/Library/Developer/Xcode/DerivedData/LyoApp-hfwblekrpenebnenbeknkwwbdrgr/Build/Intermediates.noindex/LyoApp.build/Debug-iphonesimulator/LyoApp.build/LyoApp-all-target-headers.hmap -Xcc -iquote -Xcc /Users/republicalatuya/Library/Developer/Xcode/DerivedData/LyoApp-hfwblekrpenebnenbeknkwwbdrgr/Build/Intermediates.noindex/LyoApp.build/Debug-iphonesimulator/LyoApp.build/LyoApp-project-headers.hmap -Xcc -I/Users/republicalatuya/Library/Developer/Xcode/DerivedData/LyoApp-hfwblekrpenebnenbeknkwwbdrgr/Build/Products/Debug-iphonesimulator/include -Xcc -I/Users/republicalatuya/Library/Developer/Xcode/DerivedData/LyoApp-hfwblekrpenebnenbeknkwwbdrgr/Build/Intermediates.noindex/LyoApp.build/Debug-iphonesimulator/LyoApp.build/DerivedSources-normal/x86_64 -Xcc -I/Users/republicalatuya/Library/Developer/Xcode/DerivedData/LyoApp-hfwblekrpenebnenbeknkwwbdrgr/Build/Intermediates.noindex/LyoApp.build/Debug-iphonesimulator/LyoApp.build/DerivedSources/x86_64 -Xcc -I/Users/republicalatuya/Library/Developer/Xcode/DerivedData/LyoApp-hfwblekrpenebnenbeknkwwbdrgr/Build/Intermediates.noindex/LyoApp.build/Debug-iphonesimulator/LyoApp.build/DerivedSources -Xcc -DDEBUG\=1 -emit-objc-header -emit-objc-header-path /Users/republicalatuya/Library/Developer/Xcode/DerivedData/LyoApp-hfwblekrpenebnenbeknkwwbdrgr/Build/Intermediates.noindex/LyoApp.build/Debug-iphonesimulator/LyoApp.build/Objects-normal/x86_64/LyoApp-Swift.h -working-directory /Users/republicalatuya/Desktop/LyoApp\ July -experimental-emit-module-separately -disable-cmo

Ld /Users/republicalatuya/Library/Developer/Xcode/DerivedData/LyoApp-hfwblekrpenebnenbeknkwwbdrgr/Build/Products/Debug-iphonesimulator/LyoApp.app/LyoApp.debug.dylib normal (in target 'LyoApp' from project 'LyoApp')
    cd /Users/republicalatuya/Desktop/LyoApp\ July
    /Applications/Xcode.app/Contents/Developer/Toolchains/XcodeDefault.xctoolchain/usr/bin/clang -Xlinker -reproducible -target x86_64-apple-ios17.0-simulator -dynamiclib -isysroot /Applications/Xcode.app/Contents/Developer/Platforms/iPhoneSimulator.platform/Developer/SDKs/iPhoneSimulator18.5.sdk -O0 -L/Users/republicalatuya/Library/Developer/Xcode/DerivedData/LyoApp-hfwblekrpenebnenbeknkwwbdrgr/Build/Intermediates.noindex/EagerLinkingTBDs/Debug-iphonesimulator -L/Users/republicalatuya/Library/Developer/Xcode/DerivedData/LyoApp-hfwblekrpenebnenbeknkwwbdrgr/Build/Products/Debug-iphonesimulator -F/Users/republicalatuya/Library/Developer/Xcode/DerivedData/LyoApp-hfwblekrpenebnenbeknkwwbdrgr/Build/Intermediates.noindex/EagerLinkingTBDs/Debug-iphonesimulator -F/Users/republicalatuya/Library/Developer/Xcode/DerivedData/LyoApp-hfwblekrpenebnenbeknkwwbdrgr/Build/Products/Debug-iphonesimulator -filelist /Users/republicalatuya/Library/Developer/Xcode/DerivedData/LyoApp-hfwblekrpenebnenbeknkwwbdrgr/Build/Intermediates.noindex/LyoApp.build/Debug-iphonesimulator/LyoApp.build/Objects-normal/x86_64/LyoApp.LinkFileList -install_name @rpath/LyoApp.debug.dylib -Xlinker -rpath -Xlinker @executable_path/Frameworks -dead_strip -Xlinker -object_path_lto -Xlinker /Users/republicalatuya/Library/Developer/Xcode/DerivedData/LyoApp-hfwblekrpenebnenbeknkwwbdrgr/Build/Intermediates.noindex/LyoApp.build/Debug-iphonesimulator/LyoApp.build/Objects-normal/x86_64/LyoApp_lto.o -rdynamic -Xlinker -no_deduplicate -Xlinker -objc_abi_version -Xlinker 2 -Xlinker -dependency_info -Xlinker /Users/republicalatuya/Library/Developer/Xcode/DerivedData/LyoApp-hfwblekrpenebnenbeknkwwbdrgr/Build/Intermediates.noindex/LyoApp.build/Debug-iphonesimulator/LyoApp.build/Objects-normal/x86_64/LyoApp_dependency_info.dat -fobjc-link-runtime -L/Applications/Xcode.app/Contents/Developer/Toolchains/XcodeDefault.xctoolchain/usr/lib/swift/iphonesimulator -L/usr/lib/swift -Xlinker -add_ast_path -Xlinker /Users/republicalatuya/Library/Developer/Xcode/DerivedData/LyoApp-hfwblekrpenebnenbeknkwwbdrgr/Build/Intermediates.noindex/LyoApp.build/Debug-iphonesimulator/LyoApp.build/Objects-normal/x86_64/LyoApp.swiftmodule -Xlinker -alias -Xlinker _main -Xlinker ___debug_main_executable_dylib_entry_point -Xlinker -no_adhoc_codesign -o /Users/republicalatuya/Library/Developer/Xcode/DerivedData/LyoApp-hfwblekrpenebnenbeknkwwbdrgr/Build/Products/Debug-iphonesimulator/LyoApp.app/LyoApp.debug.dylib

ConstructStubExecutorLinkFileList /Users/republicalatuya/Library/Developer/Xcode/DerivedData/LyoApp-hfwblekrpenebnenbeknkwwbdrgr/Build/Intermediates.noindex/LyoApp.build/Debug-iphonesimulator/LyoApp.build/LyoApp-ExecutorLinkFileList-normal-x86_64.txt (in target 'LyoApp' from project 'LyoApp')
    cd /Users/republicalatuya/Desktop/LyoApp\ July
    construct-stub-executor-link-file-list /Users/republicalatuya/Library/Developer/Xcode/DerivedData/LyoApp-hfwblekrpenebnenbeknkwwbdrgr/Build/Products/Debug-iphonesimulator/LyoApp.app/LyoApp.debug.dylib /Applications/Xcode.app/Contents/Developer/Platforms/iPhoneSimulator.platform/Developer/usr/lib/libPreviewsJITStubExecutor_no_swift_entry_point.a /Applications/Xcode.app/Contents/Developer/Platforms/iPhoneSimulator.platform/Developer/usr/lib/libPreviewsJITStubExecutor.a --output /Users/republicalatuya/Library/Developer/Xcode/DerivedData/LyoApp-hfwblekrpenebnenbeknkwwbdrgr/Build/Intermediates.noindex/LyoApp.build/Debug-iphonesimulator/LyoApp.build/LyoApp-ExecutorLinkFileList-normal-x86_64.txt
note: Using stub executor library with Swift entry point. (in target 'LyoApp' from project 'LyoApp')

Ld /Users/republicalatuya/Library/Developer/Xcode/DerivedData/LyoApp-hfwblekrpenebnenbeknkwwbdrgr/Build/Products/Debug-iphonesimulator/LyoApp.app/LyoApp normal (in target 'LyoApp' from project 'LyoApp')
    cd /Users/republicalatuya/Desktop/LyoApp\ July
    /Applications/Xcode.app/Contents/Developer/Toolchains/XcodeDefault.xctoolchain/usr/bin/clang -Xlinker -reproducible -target x86_64-apple-ios17.0-simulator -isysroot /Applications/Xcode.app/Contents/Developer/Platforms/iPhoneSimulator.platform/Developer/SDKs/iPhoneSimulator18.5.sdk -O0 -L/Users/republicalatuya/Library/Developer/Xcode/DerivedData/LyoApp-hfwblekrpenebnenbeknkwwbdrgr/Build/Products/Debug-iphonesimulator -F/Users/republicalatuya/Library/Developer/Xcode/DerivedData/LyoApp-hfwblekrpenebnenbeknkwwbdrgr/Build/Products/Debug-iphonesimulator -Xlinker -rpath -Xlinker @executable_path -Xlinker -rpath -Xlinker @executable_path/Frameworks -rdynamic -Xlinker -no_deduplicate -Xlinker -objc_abi_version -Xlinker 2 -e ___debug_blank_executor_main -Xlinker -sectcreate -Xlinker __TEXT -Xlinker __debug_dylib -Xlinker /Users/republicalatuya/Library/Developer/Xcode/DerivedData/LyoApp-hfwblekrpenebnenbeknkwwbdrgr/Build/Intermediates.noindex/LyoApp.build/Debug-iphonesimulator/LyoApp.build/LyoApp-DebugDylibPath-normal-x86_64.txt -Xlinker -sectcreate -Xlinker __TEXT -Xlinker __debug_instlnm -Xlinker /Users/republicalatuya/Library/Developer/Xcode/DerivedData/LyoApp-hfwblekrpenebnenbeknkwwbdrgr/Build/Intermediates.noindex/LyoApp.build/Debug-iphonesimulator/LyoApp.build/LyoApp-DebugDylibInstallName-normal-x86_64.txt -Xlinker -filelist -Xlinker /Users/republicalatuya/Library/Developer/Xcode/DerivedData/LyoApp-hfwblekrpenebnenbeknkwwbdrgr/Build/Intermediates.noindex/LyoApp.build/Debug-iphonesimulator/LyoApp.build/LyoApp-ExecutorLinkFileList-normal-x86_64.txt -Xlinker -sectcreate -Xlinker __TEXT -Xlinker __entitlements -Xlinker /Users/republicalatuya/Library/Developer/Xcode/DerivedData/LyoApp-hfwblekrpenebnenbeknkwwbdrgr/Build/Intermediates.noindex/LyoApp.build/Debug-iphonesimulator/LyoApp.build/LyoApp.app-Simulated.xcent -Xlinker -sectcreate -Xlinker __TEXT -Xlinker __ents_der -Xlinker /Users/republicalatuya/Library/Developer/Xcode/DerivedData/LyoApp-hfwblekrpenebnenbeknkwwbdrgr/Build/Intermediates.noindex/LyoApp.build/Debug-iphonesimulator/LyoApp.build/LyoApp.app-Simulated.xcent.der /Users/republicalatuya/Library/Developer/Xcode/DerivedData/LyoApp-hfwblekrpenebnenbeknkwwbdrgr/Build/Products/Debug-iphonesimulator/LyoApp.app/LyoApp.debug.dylib -Xlinker -no_adhoc_codesign -o /Users/republicalatuya/Library/Developer/Xcode/DerivedData/LyoApp-hfwblekrpenebnenbeknkwwbdrgr/Build/Products/Debug-iphonesimulator/LyoApp.app/LyoApp

CopySwiftLibs /Users/republicalatuya/Library/Developer/Xcode/DerivedData/LyoApp-hfwblekrpenebnenbeknkwwbdrgr/Build/Products/Debug-iphonesimulator/LyoApp.app (in target 'LyoApp' from project 'LyoApp')
    cd /Users/republicalatuya/Desktop/LyoApp\ July
    builtin-swiftStdLibTool --copy --verbose --sign - --scan-executable /Users/republicalatuya/Library/Developer/Xcode/DerivedData/LyoApp-hfwblekrpenebnenbeknkwwbdrgr/Build/Products/Debug-iphonesimulator/LyoApp.app/LyoApp.debug.dylib --scan-folder /Users/republicalatuya/Library/Developer/Xcode/DerivedData/LyoApp-hfwblekrpenebnenbeknkwwbdrgr/Build/Products/Debug-iphonesimulator/LyoApp.app/Frameworks --scan-folder /Users/republicalatuya/Library/Developer/Xcode/DerivedData/LyoApp-hfwblekrpenebnenbeknkwwbdrgr/Build/Products/Debug-iphonesimulator/LyoApp.app/PlugIns --scan-folder /Users/republicalatuya/Library/Developer/Xcode/DerivedData/LyoApp-hfwblekrpenebnenbeknkwwbdrgr/Build/Products/Debug-iphonesimulator/LyoApp.app/SystemExtensions --scan-folder /Users/republicalatuya/Library/Developer/Xcode/DerivedData/LyoApp-hfwblekrpenebnenbeknkwwbdrgr/Build/Products/Debug-iphonesimulator/LyoApp.app/Extensions --platform iphonesimulator --toolchain /Applications/Xcode.app/Contents/Developer/Toolchains/XcodeDefault.xctoolchain --destination /Users/republicalatuya/Library/Developer/Xcode/DerivedData/LyoApp-hfwblekrpenebnenbeknkwwbdrgr/Build/Products/Debug-iphonesimulator/LyoApp.app/Frameworks --strip-bitcode --strip-bitcode-tool /Applications/Xcode.app/Contents/Developer/Toolchains/XcodeDefault.xctoolchain/usr/bin/bitcode_strip --emit-dependency-info /Users/republicalatuya/Library/Developer/Xcode/DerivedData/LyoApp-hfwblekrpenebnenbeknkwwbdrgr/Build/Intermediates.noindex/LyoApp.build/Debug-iphonesimulator/LyoApp.build/SwiftStdLibToolInputDependencies.dep --filter-for-swift-os

ExtractAppIntentsMetadata (in target 'LyoApp' from project 'LyoApp')
    cd /Users/republicalatuya/Desktop/LyoApp\ July
    /Applications/Xcode.app/Contents/Developer/Toolchains/XcodeDefault.xctoolchain/usr/bin/appintentsmetadataprocessor --toolchain-dir /Applications/Xcode.app/Contents/Developer/Toolchains/XcodeDefault.xctoolchain --module-name LyoApp --sdk-root /Applications/Xcode.app/Contents/Developer/Platforms/iPhoneSimulator.platform/Developer/SDKs/iPhoneSimulator18.5.sdk --xcode-version 16F6 --platform-family iOS --deployment-target 17.0 --bundle-identifier com.lyo.app --output /Users/republicalatuya/Library/Developer/Xcode/DerivedData/LyoApp-hfwblekrpenebnenbeknkwwbdrgr/Build/Products/Debug-iphonesimulator/LyoApp.app --target-triple x86_64-apple-ios17.0-simulator --binary-file /Users/republicalatuya/Library/Developer/Xcode/DerivedData/LyoApp-hfwblekrpenebnenbeknkwwbdrgr/Build/Products/Debug-iphonesimulator/LyoApp.app/LyoApp --dependency-file /Users/republicalatuya/Library/Developer/Xcode/DerivedData/LyoApp-hfwblekrpenebnenbeknkwwbdrgr/Build/Intermediates.noindex/LyoApp.build/Debug-iphonesimulator/LyoApp.build/Objects-normal/x86_64/LyoApp_dependency_info.dat --stringsdata-file /Users/republicalatuya/Library/Developer/Xcode/DerivedData/LyoApp-hfwblekrpenebnenbeknkwwbdrgr/Build/Intermediates.noindex/LyoApp.build/Debug-iphonesimulator/LyoApp.build/Objects-normal/x86_64/ExtractedAppShortcutsMetadata.stringsdata --source-file-list /Users/republicalatuya/Library/Developer/Xcode/DerivedData/LyoApp-hfwblekrpenebnenbeknkwwbdrgr/Build/Intermediates.noindex/LyoApp.build/Debug-iphonesimulator/LyoApp.build/Objects-normal/x86_64/LyoApp.SwiftFileList --metadata-file-list /Users/republicalatuya/Library/Developer/Xcode/DerivedData/LyoApp-hfwblekrpenebnenbeknkwwbdrgr/Build/Intermediates.noindex/LyoApp.build/Debug-iphonesimulator/LyoApp.build/LyoApp.DependencyMetadataFileList --static-metadata-file-list /Users/republicalatuya/Library/Developer/Xcode/DerivedData/LyoApp-hfwblekrpenebnenbeknkwwbdrgr/Build/Intermediates.noindex/LyoApp.build/Debug-iphonesimulator/LyoApp.build/LyoApp.DependencyStaticMetadataFileList --swift-const-vals-list /Users/republicalatuya/Library/Developer/Xcode/DerivedData/LyoApp-hfwblekrpenebnenbeknkwwbdrgr/Build/Intermediates.noindex/LyoApp.build/Debug-iphonesimulator/LyoApp.build/Objects-normal/x86_64/LyoApp.SwiftConstValuesFileList --compile-time-extraction --deployment-aware-processing --validate-assistant-intents --no-app-shortcuts-localization
2025-08-02 01:38:17.085 appintentsmetadataprocessor[23295:2090031] Starting appintentsmetadataprocessor export
2025-08-02 01:38:17.093 appintentsmetadataprocessor[23295:2090031] warning: Metadata extraction skipped. No AppIntents.framework dependency found.

AppIntentsSSUTraining (in target 'LyoApp' from project 'LyoApp')
    cd /Users/republicalatuya/Desktop/LyoApp\ July
    /Applications/Xcode.app/Contents/Developer/Toolchains/XcodeDefault.xctoolchain/usr/bin/appintentsnltrainingprocessor --infoplist-path /Users/republicalatuya/Library/Developer/Xcode/DerivedData/LyoApp-hfwblekrpenebnenbeknkwwbdrgr/Build/Products/Debug-iphonesimulator/LyoApp.app/Info.plist --temp-dir-path /Users/republicalatuya/Library/Developer/Xcode/DerivedData/LyoApp-hfwblekrpenebnenbeknkwwbdrgr/Build/Intermediates.noindex/LyoApp.build/Debug-iphonesimulator/LyoApp.build/ssu --bundle-id com.lyo.app --product-path /Users/republicalatuya/Library/Developer/Xcode/DerivedData/LyoApp-hfwblekrpenebnenbeknkwwbdrgr/Build/Products/Debug-iphonesimulator/LyoApp.app --extracted-metadata-path /Users/republicalatuya/Library/Developer/Xcode/DerivedData/LyoApp-hfwblekrpenebnenbeknkwwbdrgr/Build/Products/Debug-iphonesimulator/LyoApp.app/Metadata.appintents --metadata-file-list /Users/republicalatuya/Library/Developer/Xcode/DerivedData/LyoApp-hfwblekrpenebnenbeknkwwbdrgr/Build/Intermediates.noindex/LyoApp.build/Debug-iphonesimulator/LyoApp.build/LyoApp.DependencyMetadataFileList --archive-ssu-assets
2025-08-02 01:38:17.154 appintentsnltrainingprocessor[23296:2090033] Parsing options for appintentsnltrainingprocessor
2025-08-02 01:38:17.157 appintentsnltrainingprocessor[23296:2090033] No AppShortcuts found - Skipping.

CodeSign /Users/republicalatuya/Library/Developer/Xcode/DerivedData/LyoApp-hfwblekrpenebnenbeknkwwbdrgr/Build/Products/Debug-iphonesimulator/LyoApp.app/LyoApp.debug.dylib (in target 'LyoApp' from project 'LyoApp')
    cd /Users/republicalatuya/Desktop/LyoApp\ July
    
    Signing Identity:     "Sign to Run Locally"
    
    /usr/bin/codesign --force --sign - --timestamp\=none --generate-entitlement-der /Users/republicalatuya/Library/Developer/Xcode/DerivedData/LyoApp-hfwblekrpenebnenbeknkwwbdrgr/Build/Products/Debug-iphonesimulator/LyoApp.app/LyoApp.debug.dylib

CodeSign /Users/republicalatuya/Library/Developer/Xcode/DerivedData/LyoApp-hfwblekrpenebnenbeknkwwbdrgr/Build/Products/Debug-iphonesimulator/LyoApp.app/__preview.dylib (in target 'LyoApp' from project 'LyoApp')
    cd /Users/republicalatuya/Desktop/LyoApp\ July
    
    Signing Identity:     "Sign to Run Locally"
    
    /usr/bin/codesign --force --sign - --timestamp\=none --generate-entitlement-der /Users/republicalatuya/Library/Developer/Xcode/DerivedData/LyoApp-hfwblekrpenebnenbeknkwwbdrgr/Build/Products/Debug-iphonesimulator/LyoApp.app/__preview.dylib

CodeSign /Users/republicalatuya/Library/Developer/Xcode/DerivedData/LyoApp-hfwblekrpenebnenbeknkwwbdrgr/Build/Products/Debug-iphonesimulator/LyoApp.app (in target 'LyoApp' from project 'LyoApp')
    cd /Users/republicalatuya/Desktop/LyoApp\ July
    
    Signing Identity:     "Sign to Run Locally"
    
    /usr/bin/codesign --force --sign - --timestamp\=none --generate-entitlement-der /Users/republicalatuya/Library/Developer/Xcode/DerivedData/LyoApp-hfwblekrpenebnenbeknkwwbdrgr/Build/Products/Debug-iphonesimulator/LyoApp.app

RegisterExecutionPolicyException /Users/republicalatuya/Library/Developer/Xcode/DerivedData/LyoApp-hfwblekrpenebnenbeknkwwbdrgr/Build/Products/Debug-iphonesimulator/LyoApp.app (in target 'LyoApp' from project 'LyoApp')
    cd /Users/republicalatuya/Desktop/LyoApp\ July
    builtin-RegisterExecutionPolicyException /Users/republicalatuya/Library/Developer/Xcode/DerivedData/LyoApp-hfwblekrpenebnenbeknkwwbdrgr/Build/Products/Debug-iphonesimulator/LyoApp.app

Validate /Users/republicalatuya/Library/Developer/Xcode/DerivedData/LyoApp-hfwblekrpenebnenbeknkwwbdrgr/Build/Products/Debug-iphonesimulator/LyoApp.app (in target 'LyoApp' from project 'LyoApp')
    cd /Users/republicalatuya/Desktop/LyoApp\ July
    builtin-validationUtility /Users/republicalatuya/Library/Developer/Xcode/DerivedData/LyoApp-hfwblekrpenebnenbeknkwwbdrgr/Build/Products/Debug-iphonesimulator/LyoApp.app -infoplist-subpath Info.plist

Touch /Users/republicalatuya/Library/Developer/Xcode/DerivedData/LyoApp-hfwblekrpenebnenbeknkwwbdrgr/Build/Products/Debug-iphonesimulator/LyoApp.app (in target 'LyoApp' from project 'LyoApp')
    cd /Users/republicalatuya/Desktop/LyoApp\ July
    /usr/bin/touch -c /Users/republicalatuya/Library/Developer/Xcode/DerivedData/LyoApp-hfwblekrpenebnenbeknkwwbdrgr/Build/Products/Debug-iphonesimulator/LyoApp.app

** BUILD SUCCEEDED **

